Archive member included to satisfy reference by file (symbol)

c:/program files/microchip/xc8/v2.36/avr/bin/../lib/gcc/avr/5.4.0/avr5/memx-const\libgcc.a(_udivmodhi4.o)
                              HAL/src/LM35.o (__udivmodhi4)
c:/program files/microchip/xc8/v2.36/avr/bin/../lib/gcc/avr/5.4.0/avr5/memx-const\libgcc.a(_udivmodsi4.o)
                              MCAL/src/TIMER1_PWM.o (__udivmodsi4)
c:/program files/microchip/xc8/v2.36/avr/bin/../lib/gcc/avr/5.4.0/avr5/memx-const\libgcc.a(_copy_data.o)
                              APP/src/APP.o (__do_copy_data)
c:/program files/microchip/xc8/v2.36/avr/bin/../lib/gcc/avr/5.4.0/avr5/memx-const\libgcc.a(_umulhisi3.o)
                              MCAL/src/TIMER1_PWM.o (__umulhisi3)
c:/program files/microchip/xc8/v2.36/avr/bin/../lib/gcc/avr/5.4.0/../../../../avr/lib/avr5/memx-const\libc.a(exit.o)
                              C:/Program Files (x86)/Atmel/Studio/7.0/Packs/atmel/ATmega_DFP/1.7.374/xc8/avr/lib/avr5/memx-const/crtatmega32.o (exit)
c:/program files/microchip/xc8/v2.36/avr/bin/../lib/gcc/avr/5.4.0/../../../../avr/lib/avr5/memx-const\libc.a(_Exit.o)
                              c:/program files/microchip/xc8/v2.36/avr/bin/../lib/gcc/avr/5.4.0/../../../../avr/lib/avr5/memx-const\libc.a(exit.o) (_Exit)
c:/program files/microchip/xc8/v2.36/avr/bin/../lib/gcc/avr/5.4.0/avr5/memx-const\libgcc.a(_exit.o)
                              c:/program files/microchip/xc8/v2.36/avr/bin/../lib/gcc/avr/5.4.0/../../../../avr/lib/avr5/memx-const\libc.a(_Exit.o) (_exit)

Allocating common symbols
Common symbol       size              file

string_data         0x10              APP/src/APP.o
data                0x1               APP/src/APP.o

Discarded input sections

 .data          0x0000000000000000        0x0 C:/Program Files (x86)/Atmel/Studio/7.0/Packs/atmel/ATmega_DFP/1.7.374/xc8/avr/lib/avr5/memx-const/crtatmega32.o
 .bss           0x0000000000000000        0x0 C:/Program Files (x86)/Atmel/Studio/7.0/Packs/atmel/ATmega_DFP/1.7.374/xc8/avr/lib/avr5/memx-const/crtatmega32.o
 .text          0x0000000000000000        0x0 APP/src/APP.o
 .data          0x0000000000000000        0x0 APP/src/APP.o
 .bss           0x0000000000000000        0x0 APP/src/APP.o
 .data.config   0x0000000000000000        0x6 APP/src/APP.o
 .text          0x0000000000000000        0x0 HAL/src/debouncing.o
 .data          0x0000000000000000        0x0 HAL/src/debouncing.o
 .bss           0x0000000000000000        0x0 HAL/src/debouncing.o
 .debug_line    0x0000000000000000        0x0 HAL/src/debouncing.o
 .debug_str     0x0000000000000000        0x0 HAL/src/debouncing.o
 .comment       0x0000000000000000       0x30 HAL/src/debouncing.o
 .text          0x0000000000000000        0x0 HAL/src/KEYPAD.o
 .data          0x0000000000000000        0x0 HAL/src/KEYPAD.o
 .bss           0x0000000000000000        0x0 HAL/src/KEYPAD.o
 .text.keypad_init
                0x0000000000000000       0x7a HAL/src/KEYPAD.o
 .text.keypad_get_pressed
                0x0000000000000000       0x9c HAL/src/KEYPAD.o
 .data.KEYPAD_ColsPins
                0x0000000000000000        0x4 HAL/src/KEYPAD.o
 .data.KEYPAD_RowsPins
                0x0000000000000000        0x4 HAL/src/KEYPAD.o
 .data.KEYPAD_Keys
                0x0000000000000000       0x10 HAL/src/KEYPAD.o
 .debug_info    0x0000000000000000      0x60e HAL/src/KEYPAD.o
 .debug_abbrev  0x0000000000000000       0xfc HAL/src/KEYPAD.o
 .debug_loc     0x0000000000000000       0xfa HAL/src/KEYPAD.o
 .debug_aranges
                0x0000000000000000       0x28 HAL/src/KEYPAD.o
 .debug_ranges  0x0000000000000000       0x18 HAL/src/KEYPAD.o
 .debug_line    0x0000000000000000      0x19c HAL/src/KEYPAD.o
 .debug_str     0x0000000000000000       0x35 HAL/src/KEYPAD.o
 .comment       0x0000000000000000       0x30 HAL/src/KEYPAD.o
 .debug_frame   0x0000000000000000       0x54 HAL/src/KEYPAD.o
 .text          0x0000000000000000        0x0 HAL/src/L298N.o
 .data          0x0000000000000000        0x0 HAL/src/L298N.o
 .bss           0x0000000000000000        0x0 HAL/src/L298N.o
 .text.MOTOR_A_INIT
                0x0000000000000000       0x1a HAL/src/L298N.o
 .text.MOTOR_A_ROTATE
                0x0000000000000000       0x58 HAL/src/L298N.o
 .text.MOTOR_B_INIT
                0x0000000000000000       0x1a HAL/src/L298N.o
 .text.MOTOR_B_ROTATE
                0x0000000000000000       0x58 HAL/src/L298N.o
 .debug_info    0x0000000000000000      0x5a1 HAL/src/L298N.o
 .debug_abbrev  0x0000000000000000       0xbf HAL/src/L298N.o
 .debug_loc     0x0000000000000000      0x228 HAL/src/L298N.o
 .debug_aranges
                0x0000000000000000       0x38 HAL/src/L298N.o
 .debug_ranges  0x0000000000000000       0x28 HAL/src/L298N.o
 .debug_line    0x0000000000000000      0x197 HAL/src/L298N.o
 .debug_str     0x0000000000000000       0x6c HAL/src/L298N.o
 .comment       0x0000000000000000       0x30 HAL/src/L298N.o
 .debug_frame   0x0000000000000000       0x8c HAL/src/L298N.o
 .text          0x0000000000000000        0x0 HAL/src/LCD.o
 .data          0x0000000000000000        0x0 HAL/src/LCD.o
 .bss           0x0000000000000000        0x0 HAL/src/LCD.o
 .text.LCD_clear_screen
                0x0000000000000000       0x1a HAL/src/LCD.o
 .text.LCD_WRITE_CHAR
                0x0000000000000000       0x48 HAL/src/LCD.o
 .text.LCD_WRITE_STRING
                0x0000000000000000       0x3e HAL/src/LCD.o
 .text.LCD_GOTO_XY
                0x0000000000000000        0x2 HAL/src/LCD.o
 .text          0x0000000000000000        0x0 HAL/src/LM35.o
 .data          0x0000000000000000        0x0 HAL/src/LM35.o
 .bss           0x0000000000000000        0x0 HAL/src/LM35.o
 .text.LM35_init
                0x0000000000000000        0x8 HAL/src/LM35.o
 .text.LM35_READ
                0x0000000000000000       0x26 HAL/src/LM35.o
 .debug_info    0x0000000000000000      0x32f HAL/src/LM35.o
 .debug_abbrev  0x0000000000000000       0x89 HAL/src/LM35.o
 .debug_aranges
                0x0000000000000000       0x28 HAL/src/LM35.o
 .debug_ranges  0x0000000000000000       0x18 HAL/src/LM35.o
 .debug_line    0x0000000000000000       0xe8 HAL/src/LM35.o
 .debug_str     0x0000000000000000       0x12 HAL/src/LM35.o
 .comment       0x0000000000000000       0x30 HAL/src/LM35.o
 .debug_frame   0x0000000000000000       0x34 HAL/src/LM35.o
 .text          0x0000000000000000        0x0 main.o
 .data          0x0000000000000000        0x0 main.o
 .bss           0x0000000000000000        0x0 main.o
 .data.config   0x0000000000000000        0x6 main.o
 .text          0x0000000000000000        0x0 MCAL/src/ADC.o
 .data          0x0000000000000000        0x0 MCAL/src/ADC.o
 .bss           0x0000000000000000        0x0 MCAL/src/ADC.o
 .text.ADC_INIT
                0x0000000000000000       0x68 MCAL/src/ADC.o
 .text.ADC_READ
                0x0000000000000000       0x48 MCAL/src/ADC.o
 .data.ADC_Config
                0x0000000000000000        0x3 MCAL/src/ADC.o
 .debug_info    0x0000000000000000      0x39e MCAL/src/ADC.o
 .debug_abbrev  0x0000000000000000       0xa0 MCAL/src/ADC.o
 .debug_loc     0x0000000000000000       0x42 MCAL/src/ADC.o
 .debug_aranges
                0x0000000000000000       0x28 MCAL/src/ADC.o
 .debug_ranges  0x0000000000000000       0x18 MCAL/src/ADC.o
 .debug_line    0x0000000000000000      0x13a MCAL/src/ADC.o
 .debug_str     0x0000000000000000        0x0 MCAL/src/ADC.o
 .comment       0x0000000000000000       0x30 MCAL/src/ADC.o
 .debug_frame   0x0000000000000000       0x34 MCAL/src/ADC.o
 .text          0x0000000000000000        0x0 MCAL/src/DIO.o
 .data          0x0000000000000000        0x0 MCAL/src/DIO.o
 .bss           0x0000000000000000        0x0 MCAL/src/DIO.o
 .text.DIO_vTogglePin
                0x0000000000000000       0x68 MCAL/src/DIO.o
 .text.DIO_vWritePort
                0x0000000000000000       0x48 MCAL/src/DIO.o
 .text.DIO_u8GetPinValue
                0x0000000000000000       0x7a MCAL/src/DIO.o
 .text.DIO_vTogglrPort
                0x0000000000000000      0x112 MCAL/src/DIO.o
 .text          0x0000000000000000        0x0 MCAL/src/External_INT.o
 .data          0x0000000000000000        0x0 MCAL/src/External_INT.o
 .bss           0x0000000000000000        0x0 MCAL/src/External_INT.o
 .text          0x0000000000000000        0x0 MCAL/src/SPI.o
 .data          0x0000000000000000        0x0 MCAL/src/SPI.o
 .bss           0x0000000000000000        0x0 MCAL/src/SPI.o
 .text          0x0000000000000000        0x0 MCAL/src/TIMER0.o
 .data          0x0000000000000000        0x0 MCAL/src/TIMER0.o
 .bss           0x0000000000000000        0x0 MCAL/src/TIMER0.o
 .text.TIMER0_SetConfig
                0x0000000000000000       0x14 MCAL/src/TIMER0.o
 .text.TIMER0_Delay_MS_with_Blocking
                0x0000000000000000       0x42 MCAL/src/TIMER0.o
 .text.TIMER0_Delay_MicroS_with_Blocking
                0x0000000000000000       0x42 MCAL/src/TIMER0.o
 .text.TIMER0_Delay_Without_Blocking
                0x0000000000000000        0x2 MCAL/src/TIMER0.o
 .debug_info    0x0000000000000000      0x43b MCAL/src/TIMER0.o
 .debug_abbrev  0x0000000000000000       0xa3 MCAL/src/TIMER0.o
 .debug_loc     0x0000000000000000       0xb4 MCAL/src/TIMER0.o
 .debug_aranges
                0x0000000000000000       0x38 MCAL/src/TIMER0.o
 .debug_ranges  0x0000000000000000       0x28 MCAL/src/TIMER0.o
 .debug_line    0x0000000000000000      0x191 MCAL/src/TIMER0.o
 .debug_str     0x0000000000000000       0x15 MCAL/src/TIMER0.o
 .comment       0x0000000000000000       0x30 MCAL/src/TIMER0.o
 .debug_frame   0x0000000000000000       0x54 MCAL/src/TIMER0.o
 .text          0x0000000000000000        0x0 MCAL/src/TIMER1_PWM.o
 .data          0x0000000000000000        0x0 MCAL/src/TIMER1_PWM.o
 .bss           0x0000000000000000        0x0 MCAL/src/TIMER1_PWM.o
 .text.PWM_Init
                0x0000000000000000       0x1a MCAL/src/TIMER1_PWM.o
 .text.PWM_Generate_CHANNELA
                0x0000000000000000      0x132 MCAL/src/TIMER1_PWM.o
 .text.PWM_Generate_CHANNELB
                0x0000000000000000      0x132 MCAL/src/TIMER1_PWM.o
 .debug_info    0x0000000000000000      0x3b3 MCAL/src/TIMER1_PWM.o
 .debug_abbrev  0x0000000000000000       0xa5 MCAL/src/TIMER1_PWM.o
 .debug_loc     0x0000000000000000       0xe4 MCAL/src/TIMER1_PWM.o
 .debug_aranges
                0x0000000000000000       0x30 MCAL/src/TIMER1_PWM.o
 .debug_ranges  0x0000000000000000       0x20 MCAL/src/TIMER1_PWM.o
 .debug_line    0x0000000000000000      0x1b3 MCAL/src/TIMER1_PWM.o
 .debug_str     0x0000000000000000       0x21 MCAL/src/TIMER1_PWM.o
 .comment       0x0000000000000000       0x30 MCAL/src/TIMER1_PWM.o
 .debug_frame   0x0000000000000000       0x54 MCAL/src/TIMER1_PWM.o
 .text          0x0000000000000000        0x0 MCAL/src/UART.o
 .data          0x0000000000000000        0x0 MCAL/src/UART.o
 .bss           0x0000000000000000        0x0 MCAL/src/UART.o
 .text.UART_TRANSMIT
                0x0000000000000000        0xc MCAL/src/UART.o
 .text          0x0000000000000000        0x0 c:/program files/microchip/xc8/v2.36/avr/bin/../lib/gcc/avr/5.4.0/avr5/memx-const\libgcc.a(_udivmodhi4.o)
 .data          0x0000000000000000        0x0 c:/program files/microchip/xc8/v2.36/avr/bin/../lib/gcc/avr/5.4.0/avr5/memx-const\libgcc.a(_udivmodhi4.o)
 .bss           0x0000000000000000        0x0 c:/program files/microchip/xc8/v2.36/avr/bin/../lib/gcc/avr/5.4.0/avr5/memx-const\libgcc.a(_udivmodhi4.o)
 .text.libgcc.mul
                0x0000000000000000        0x0 c:/program files/microchip/xc8/v2.36/avr/bin/../lib/gcc/avr/5.4.0/avr5/memx-const\libgcc.a(_udivmodhi4.o)
 .text.libgcc.div
                0x0000000000000000       0x28 c:/program files/microchip/xc8/v2.36/avr/bin/../lib/gcc/avr/5.4.0/avr5/memx-const\libgcc.a(_udivmodhi4.o)
 .stack.descriptors.hdr
                0x0000000000000000        0xe c:/program files/microchip/xc8/v2.36/avr/bin/../lib/gcc/avr/5.4.0/avr5/memx-const\libgcc.a(_udivmodhi4.o)
 .stack.descriptors
                0x0000000000000000       0x1a c:/program files/microchip/xc8/v2.36/avr/bin/../lib/gcc/avr/5.4.0/avr5/memx-const\libgcc.a(_udivmodhi4.o)
 .text.libgcc   0x0000000000000000        0x0 c:/program files/microchip/xc8/v2.36/avr/bin/../lib/gcc/avr/5.4.0/avr5/memx-const\libgcc.a(_udivmodhi4.o)
 .text.libgcc.prologue
                0x0000000000000000        0x0 c:/program files/microchip/xc8/v2.36/avr/bin/../lib/gcc/avr/5.4.0/avr5/memx-const\libgcc.a(_udivmodhi4.o)
 .text.libgcc.builtins
                0x0000000000000000        0x0 c:/program files/microchip/xc8/v2.36/avr/bin/../lib/gcc/avr/5.4.0/avr5/memx-const\libgcc.a(_udivmodhi4.o)
 .text.libgcc.fmul
                0x0000000000000000        0x0 c:/program files/microchip/xc8/v2.36/avr/bin/../lib/gcc/avr/5.4.0/avr5/memx-const\libgcc.a(_udivmodhi4.o)
 .text.libgcc.fixed
                0x0000000000000000        0x0 c:/program files/microchip/xc8/v2.36/avr/bin/../lib/gcc/avr/5.4.0/avr5/memx-const\libgcc.a(_udivmodhi4.o)
 .text          0x0000000000000000        0x0 c:/program files/microchip/xc8/v2.36/avr/bin/../lib/gcc/avr/5.4.0/avr5/memx-const\libgcc.a(_udivmodsi4.o)
 .data          0x0000000000000000        0x0 c:/program files/microchip/xc8/v2.36/avr/bin/../lib/gcc/avr/5.4.0/avr5/memx-const\libgcc.a(_udivmodsi4.o)
 .bss           0x0000000000000000        0x0 c:/program files/microchip/xc8/v2.36/avr/bin/../lib/gcc/avr/5.4.0/avr5/memx-const\libgcc.a(_udivmodsi4.o)
 .text.libgcc.mul
                0x0000000000000000        0x0 c:/program files/microchip/xc8/v2.36/avr/bin/../lib/gcc/avr/5.4.0/avr5/memx-const\libgcc.a(_udivmodsi4.o)
 .text.libgcc.div
                0x0000000000000000       0x44 c:/program files/microchip/xc8/v2.36/avr/bin/../lib/gcc/avr/5.4.0/avr5/memx-const\libgcc.a(_udivmodsi4.o)
 .stack.descriptors.hdr
                0x0000000000000000        0xe c:/program files/microchip/xc8/v2.36/avr/bin/../lib/gcc/avr/5.4.0/avr5/memx-const\libgcc.a(_udivmodsi4.o)
 .stack.descriptors
                0x0000000000000000       0x1a c:/program files/microchip/xc8/v2.36/avr/bin/../lib/gcc/avr/5.4.0/avr5/memx-const\libgcc.a(_udivmodsi4.o)
 .text.libgcc   0x0000000000000000        0x0 c:/program files/microchip/xc8/v2.36/avr/bin/../lib/gcc/avr/5.4.0/avr5/memx-const\libgcc.a(_udivmodsi4.o)
 .text.libgcc.prologue
                0x0000000000000000        0x0 c:/program files/microchip/xc8/v2.36/avr/bin/../lib/gcc/avr/5.4.0/avr5/memx-const\libgcc.a(_udivmodsi4.o)
 .text.libgcc.builtins
                0x0000000000000000        0x0 c:/program files/microchip/xc8/v2.36/avr/bin/../lib/gcc/avr/5.4.0/avr5/memx-const\libgcc.a(_udivmodsi4.o)
 .text.libgcc.fmul
                0x0000000000000000        0x0 c:/program files/microchip/xc8/v2.36/avr/bin/../lib/gcc/avr/5.4.0/avr5/memx-const\libgcc.a(_udivmodsi4.o)
 .text.libgcc.fixed
                0x0000000000000000        0x0 c:/program files/microchip/xc8/v2.36/avr/bin/../lib/gcc/avr/5.4.0/avr5/memx-const\libgcc.a(_udivmodsi4.o)
 .text          0x0000000000000000        0x0 c:/program files/microchip/xc8/v2.36/avr/bin/../lib/gcc/avr/5.4.0/avr5/memx-const\libgcc.a(_copy_data.o)
 .data          0x0000000000000000        0x0 c:/program files/microchip/xc8/v2.36/avr/bin/../lib/gcc/avr/5.4.0/avr5/memx-const\libgcc.a(_copy_data.o)
 .bss           0x0000000000000000        0x0 c:/program files/microchip/xc8/v2.36/avr/bin/../lib/gcc/avr/5.4.0/avr5/memx-const\libgcc.a(_copy_data.o)
 .text.libgcc.mul
                0x0000000000000000        0x0 c:/program files/microchip/xc8/v2.36/avr/bin/../lib/gcc/avr/5.4.0/avr5/memx-const\libgcc.a(_copy_data.o)
 .text.libgcc.div
                0x0000000000000000        0x0 c:/program files/microchip/xc8/v2.36/avr/bin/../lib/gcc/avr/5.4.0/avr5/memx-const\libgcc.a(_copy_data.o)
 .text.libgcc   0x0000000000000000        0x0 c:/program files/microchip/xc8/v2.36/avr/bin/../lib/gcc/avr/5.4.0/avr5/memx-const\libgcc.a(_copy_data.o)
 .text.libgcc.prologue
                0x0000000000000000        0x0 c:/program files/microchip/xc8/v2.36/avr/bin/../lib/gcc/avr/5.4.0/avr5/memx-const\libgcc.a(_copy_data.o)
 .text.libgcc.builtins
                0x0000000000000000        0x0 c:/program files/microchip/xc8/v2.36/avr/bin/../lib/gcc/avr/5.4.0/avr5/memx-const\libgcc.a(_copy_data.o)
 .text.libgcc.fmul
                0x0000000000000000        0x0 c:/program files/microchip/xc8/v2.36/avr/bin/../lib/gcc/avr/5.4.0/avr5/memx-const\libgcc.a(_copy_data.o)
 .text.libgcc.fixed
                0x0000000000000000        0x0 c:/program files/microchip/xc8/v2.36/avr/bin/../lib/gcc/avr/5.4.0/avr5/memx-const\libgcc.a(_copy_data.o)
 .text          0x0000000000000000        0x0 c:/program files/microchip/xc8/v2.36/avr/bin/../lib/gcc/avr/5.4.0/avr5/memx-const\libgcc.a(_umulhisi3.o)
 .data          0x0000000000000000        0x0 c:/program files/microchip/xc8/v2.36/avr/bin/../lib/gcc/avr/5.4.0/avr5/memx-const\libgcc.a(_umulhisi3.o)
 .bss           0x0000000000000000        0x0 c:/program files/microchip/xc8/v2.36/avr/bin/../lib/gcc/avr/5.4.0/avr5/memx-const\libgcc.a(_umulhisi3.o)
 .text.libgcc.mul
                0x0000000000000000       0x1e c:/program files/microchip/xc8/v2.36/avr/bin/../lib/gcc/avr/5.4.0/avr5/memx-const\libgcc.a(_umulhisi3.o)
 .stack.descriptors.hdr
                0x0000000000000000        0xe c:/program files/microchip/xc8/v2.36/avr/bin/../lib/gcc/avr/5.4.0/avr5/memx-const\libgcc.a(_umulhisi3.o)
 .stack.descriptors
                0x0000000000000000       0x19 c:/program files/microchip/xc8/v2.36/avr/bin/../lib/gcc/avr/5.4.0/avr5/memx-const\libgcc.a(_umulhisi3.o)
 .text.libgcc.div
                0x0000000000000000        0x0 c:/program files/microchip/xc8/v2.36/avr/bin/../lib/gcc/avr/5.4.0/avr5/memx-const\libgcc.a(_umulhisi3.o)
 .text.libgcc   0x0000000000000000        0x0 c:/program files/microchip/xc8/v2.36/avr/bin/../lib/gcc/avr/5.4.0/avr5/memx-const\libgcc.a(_umulhisi3.o)
 .text.libgcc.prologue
                0x0000000000000000        0x0 c:/program files/microchip/xc8/v2.36/avr/bin/../lib/gcc/avr/5.4.0/avr5/memx-const\libgcc.a(_umulhisi3.o)
 .text.libgcc.builtins
                0x0000000000000000        0x0 c:/program files/microchip/xc8/v2.36/avr/bin/../lib/gcc/avr/5.4.0/avr5/memx-const\libgcc.a(_umulhisi3.o)
 .text.libgcc.fmul
                0x0000000000000000        0x0 c:/program files/microchip/xc8/v2.36/avr/bin/../lib/gcc/avr/5.4.0/avr5/memx-const\libgcc.a(_umulhisi3.o)
 .text.libgcc.fixed
                0x0000000000000000        0x0 c:/program files/microchip/xc8/v2.36/avr/bin/../lib/gcc/avr/5.4.0/avr5/memx-const\libgcc.a(_umulhisi3.o)
 .text          0x0000000000000000        0x0 c:/program files/microchip/xc8/v2.36/avr/bin/../lib/gcc/avr/5.4.0/../../../../avr/lib/avr5/memx-const\libc.a(exit.o)
 .data          0x0000000000000000        0x0 c:/program files/microchip/xc8/v2.36/avr/bin/../lib/gcc/avr/5.4.0/../../../../avr/lib/avr5/memx-const\libc.a(exit.o)
 .bss           0x0000000000000000        0x0 c:/program files/microchip/xc8/v2.36/avr/bin/../lib/gcc/avr/5.4.0/../../../../avr/lib/avr5/memx-const\libc.a(exit.o)
 .text          0x0000000000000000        0x0 c:/program files/microchip/xc8/v2.36/avr/bin/../lib/gcc/avr/5.4.0/../../../../avr/lib/avr5/memx-const\libc.a(_Exit.o)
 .data          0x0000000000000000        0x0 c:/program files/microchip/xc8/v2.36/avr/bin/../lib/gcc/avr/5.4.0/../../../../avr/lib/avr5/memx-const\libc.a(_Exit.o)
 .bss           0x0000000000000000        0x0 c:/program files/microchip/xc8/v2.36/avr/bin/../lib/gcc/avr/5.4.0/../../../../avr/lib/avr5/memx-const\libc.a(_Exit.o)
 .text          0x0000000000000000        0x0 c:/program files/microchip/xc8/v2.36/avr/bin/../lib/gcc/avr/5.4.0/avr5/memx-const\libgcc.a(_exit.o)
 .data          0x0000000000000000        0x0 c:/program files/microchip/xc8/v2.36/avr/bin/../lib/gcc/avr/5.4.0/avr5/memx-const\libgcc.a(_exit.o)
 .bss           0x0000000000000000        0x0 c:/program files/microchip/xc8/v2.36/avr/bin/../lib/gcc/avr/5.4.0/avr5/memx-const\libgcc.a(_exit.o)
 .text.libgcc.mul
                0x0000000000000000        0x0 c:/program files/microchip/xc8/v2.36/avr/bin/../lib/gcc/avr/5.4.0/avr5/memx-const\libgcc.a(_exit.o)
 .text.libgcc.div
                0x0000000000000000        0x0 c:/program files/microchip/xc8/v2.36/avr/bin/../lib/gcc/avr/5.4.0/avr5/memx-const\libgcc.a(_exit.o)
 .text.libgcc   0x0000000000000000        0x0 c:/program files/microchip/xc8/v2.36/avr/bin/../lib/gcc/avr/5.4.0/avr5/memx-const\libgcc.a(_exit.o)
 .text.libgcc.prologue
                0x0000000000000000        0x0 c:/program files/microchip/xc8/v2.36/avr/bin/../lib/gcc/avr/5.4.0/avr5/memx-const\libgcc.a(_exit.o)
 .stack.descriptors
                0x0000000000000000       0x13 c:/program files/microchip/xc8/v2.36/avr/bin/../lib/gcc/avr/5.4.0/avr5/memx-const\libgcc.a(_exit.o)
 .text.libgcc.builtins
                0x0000000000000000        0x0 c:/program files/microchip/xc8/v2.36/avr/bin/../lib/gcc/avr/5.4.0/avr5/memx-const\libgcc.a(_exit.o)
 .text.libgcc.fmul
                0x0000000000000000        0x0 c:/program files/microchip/xc8/v2.36/avr/bin/../lib/gcc/avr/5.4.0/avr5/memx-const\libgcc.a(_exit.o)
 .text.libgcc.fixed
                0x0000000000000000        0x0 c:/program files/microchip/xc8/v2.36/avr/bin/../lib/gcc/avr/5.4.0/avr5/memx-const\libgcc.a(_exit.o)

Memory Configuration

Name             Origin             Length             Attributes
text             0x0000000000000000 0x0000000000008000 xr
data             0x0000000000800060 0x0000000000000800 rw !x
eeprom           0x0000000000810000 0x0000000000000400 rw !x
fuse             0x0000000000820000 0x0000000000000002 rw !x
lock             0x0000000000830000 0x0000000000000400 rw !x
signature        0x0000000000840000 0x0000000000000400 rw !x
user_signatures  0x0000000000850000 0x0000000000000400 rw !x
*default*        0x0000000000000000 0xffffffffffffffff

Linker script and memory map

LOAD C:/Program Files (x86)/Atmel/Studio/7.0/Packs/atmel/ATmega_DFP/1.7.374/xc8/avr/lib/avr5/memx-const/crtatmega32.o
LOAD APP/src/APP.o
LOAD HAL/src/debouncing.o
LOAD HAL/src/KEYPAD.o
LOAD HAL/src/L298N.o
LOAD HAL/src/LCD.o
LOAD HAL/src/LM35.o
LOAD main.o
LOAD MCAL/src/ADC.o
LOAD MCAL/src/DIO.o
LOAD MCAL/src/External_INT.o
LOAD MCAL/src/SPI.o
LOAD MCAL/src/TIMER0.o
LOAD MCAL/src/TIMER1_PWM.o
LOAD MCAL/src/UART.o
START GROUP
LOAD c:/program files/microchip/xc8/v2.36/avr/bin/../lib/gcc/avr/5.4.0/../../../../avr/lib/avr5/memx-const\libm.a
END GROUP
START GROUP
LOAD c:/program files/microchip/xc8/v2.36/avr/bin/../lib/gcc/avr/5.4.0/avr5/memx-const\libgcc.a
LOAD c:/program files/microchip/xc8/v2.36/avr/bin/../lib/gcc/avr/5.4.0/../../../../avr/lib/avr5/memx-const\libm.a
LOAD c:/program files/microchip/xc8/v2.36/avr/bin/../lib/gcc/avr/5.4.0/../../../../avr/lib/avr5/memx-const\libc.a
LOAD C:/Program Files (x86)/Atmel/Studio/7.0/Packs/atmel/ATmega_DFP/1.7.374/xc8/avr/lib/avr5/memx-const\libatmega32.a
END GROUP
                0x0000000000000000                __TEXT_REGION_ORIGIN__ = DEFINED (__TEXT_REGION_ORIGIN__)?__TEXT_REGION_ORIGIN__:0x0
                [0x0000000000800060]                __DATA_REGION_ORIGIN__ = DEFINED (__DATA_REGION_ORIGIN__)?__DATA_REGION_ORIGIN__:0x800060
                [0x0000000000008000]                __TEXT_REGION_LENGTH__ = DEFINED (__TEXT_REGION_LENGTH__)?__TEXT_REGION_LENGTH__:0x20000
                [0x0000000000000800]                __DATA_REGION_LENGTH__ = DEFINED (__DATA_REGION_LENGTH__)?__DATA_REGION_LENGTH__:0xffa0
                [0x0000000000000400]                __EEPROM_REGION_LENGTH__ = DEFINED (__EEPROM_REGION_LENGTH__)?__EEPROM_REGION_LENGTH__:0x10000
                [0x0000000000000002]                __FUSE_REGION_LENGTH__ = DEFINED (__FUSE_REGION_LENGTH__)?__FUSE_REGION_LENGTH__:0x400
                0x0000000000000400                __LOCK_REGION_LENGTH__ = DEFINED (__LOCK_REGION_LENGTH__)?__LOCK_REGION_LENGTH__:0x400
                0x0000000000000400                __SIGNATURE_REGION_LENGTH__ = DEFINED (__SIGNATURE_REGION_LENGTH__)?__SIGNATURE_REGION_LENGTH__:0x400
                0x0000000000000400                __USER_SIGNATURE_REGION_LENGTH__ = DEFINED (__USER_SIGNATURE_REGION_LENGTH__)?__USER_SIGNATURE_REGION_LENGTH__:0x400

.hash
 *(.hash)

.dynsym
 *(.dynsym)

.dynstr
 *(.dynstr)

.gnu.version
 *(.gnu.version)

.gnu.version_d
 *(.gnu.version_d)

.gnu.version_r
 *(.gnu.version_r)

.rel.init
 *(.rel.init)

.rela.init
 *(.rela.init)

.rel.text
 *(.rel.text)
 *(.rel.text.*)
 *(.rel.gnu.linkonce.t*)

.rela.text
 *(.rela.text)
 *(.rela.text.*)
 *(.rela.gnu.linkonce.t*)

.rel.fini
 *(.rel.fini)

.rela.fini
 *(.rela.fini)

.rel.rodata
 *(.rel.rodata)
 *(.rel.rodata.*)
 *(.rel.gnu.linkonce.r*)

.rela.rodata
 *(.rela.rodata)
 *(.rela.rodata.*)
 *(.rela.gnu.linkonce.r*)

.rel.data
 *(.rel.data)
 *(.rel.data.*)
 *(.rel.gnu.linkonce.d*)

.rela.data
 *(.rela.data)
 *(.rela.data.*)
 *(.rela.gnu.linkonce.d*)

.rel.ctors
 *(.rel.ctors)

.rela.ctors
 *(.rela.ctors)

.rel.dtors
 *(.rel.dtors)

.rela.dtors
 *(.rela.dtors)

.rel.got
 *(.rel.got)

.rela.got
 *(.rela.got)

.rel.bss
 *(.rel.bss)

.rela.bss
 *(.rela.bss)

.rel.plt
 *(.rel.plt)

.rela.plt
 *(.rela.plt)

.text           0x0000000000000000       0xba
 *(.vectors)
 .vectors       0x0000000000000000       0x54 C:/Program Files (x86)/Atmel/Studio/7.0/Packs/atmel/ATmega_DFP/1.7.374/xc8/avr/lib/avr5/memx-const/crtatmega32.o
                0x0000000000000000                __vector_default
                0x0000000000000000                __vectors
 *(.vectors)
 *(.progmem.gcc*)
 *(.dinit)
 .dinit         0x0000000000000054       0x11 data_init
                0x0000000000000066                . = ALIGN (0x2)
 *fill*         0x0000000000000065        0x1 
                0x0000000000000066                __trampolines_start = .
 *(.trampolines)
 .trampolines   0x0000000000000066        0x0 linker stubs
 *(.trampolines*)
                0x0000000000000066                __trampolines_end = .
 *libprintf_flt.a:*(.progmem.data)
 *libc.a:*(.progmem.data)
                0x0000000000000066                . = ALIGN (0x2)
 *(.jumptables)
 *(.jumptables*)
 *(.lowtext)
 *(.lowtext*)
                0x0000000000000066                __ctors_start = .
 *(.ctors)
                0x0000000000000066                __ctors_end = .
                0x0000000000000066                __dtors_start = .
 *(.dtors)
                0x0000000000000066                __dtors_end = .
 SORT(*)(.ctors)
 SORT(*)(.dtors)
 *(.init0)
 .init0         0x0000000000000066        0x0 C:/Program Files (x86)/Atmel/Studio/7.0/Packs/atmel/ATmega_DFP/1.7.374/xc8/avr/lib/avr5/memx-const/crtatmega32.o
                0x0000000000000066                __init
 *(.init0)
 *(.init1)
 *(.init1)
 *(.init2)
 .init2         0x0000000000000066        0xc C:/Program Files (x86)/Atmel/Studio/7.0/Packs/atmel/ATmega_DFP/1.7.374/xc8/avr/lib/avr5/memx-const/crtatmega32.o
 *(.init2)
 *(.init3)
 *(.init3)
 *(.init4)
 .init4         0x0000000000000072       0x3c c:/program files/microchip/xc8/v2.36/avr/bin/../lib/gcc/avr/5.4.0/avr5/memx-const\libgcc.a(_copy_data.o)
                0x0000000000000072                __do_copy_data
                0x00000000000000a0                __do_clear_bss
 *(.init4)
 *(.init5)
 *(.init5)
 *(.init6)
 *(.init6)
 *(.init7)
 *(.init7)
 *(.init8)
 *(.init8)
 *(.init9)
 .init9         0x00000000000000ae        0x8 C:/Program Files (x86)/Atmel/Studio/7.0/Packs/atmel/ATmega_DFP/1.7.374/xc8/avr/lib/avr5/memx-const/crtatmega32.o
 *(.init9)
                0x00000000000000b6                . = ALIGN (0x2)
 *(.fini9)
 .fini9         0x00000000000000b6        0x0 c:/program files/microchip/xc8/v2.36/avr/bin/../lib/gcc/avr/5.4.0/avr5/memx-const\libgcc.a(_exit.o)
                0x00000000000000b6                _exit
 *(.fini9)
 *(.fini8)
 *(.fini8)
 *(.fini7)
 *(.fini7)
 *(.fini6)
 *(.fini6)
 *(.fini5)
 *(.fini5)
 *(.fini4)
 *(.fini4)
 *(.fini3)
 *(.fini3)
 *(.fini2)
 *(.fini2)
 *(.fini1)
 *(.fini1)
 *(.fini0)
 .fini0         0x00000000000000b6        0x4 c:/program files/microchip/xc8/v2.36/avr/bin/../lib/gcc/avr/5.4.0/avr5/memx-const\libgcc.a(_exit.o)
 *(.fini0)
                0x00000000000000ba                _etext = .

.data           0x0000000000800060        0x0 load address 0x00000000000000ba
                [!provide]                        PROVIDE (__data_start, .)
 *(.gnu.linkonce.d*)
 *(.gnu.linkonce.r*)
                0x0000000000800060                . = ALIGN (0x2)
 *fill*         0x0000000000800060        0x0 
                0x0000000000800060                _edata = .
                [!provide]                        PROVIDE (__data_end, .)

.bss            0x0000000000800060       0x11
                [!provide]                        PROVIDE (__bss_start, .)
 *(COMMON)
 COMMON         0x0000000000800060       0x11 APP/src/APP.o
                0x0000000000800060                string_data
                0x0000000000800070                data
                [!provide]                        PROVIDE (__bss_end, .)
                0x00000000000000ba                __data_load_start = LOADADDR (.data)
                0x00000000000000ba                __data_load_end = (__data_load_start + SIZEOF (.data))

.noinit         0x0000000000800071        0x0
                [!provide]                        PROVIDE (__noinit_start, .)
 *(.noinit*)
                [!provide]                        PROVIDE (__noinit_end, .)
                0x0000000000800071                _end = .

.eeprom         0x0000000000810000        0x0
 *(.eeprom*)
                0x0000000000810000                __eeprom_end = .

.fuse
 *(.fuse)
 *(.lfuse)
 *(.hfuse)
 *(.efuse)

.lock
 *(.lock*)

.signature
 *(.signature*)

.user_signatures
 *(.user_signatures*)

.stab
 *(.stab)

.stabstr
 *(.stabstr)

.stab.excl
 *(.stab.excl)

.stab.exclstr
 *(.stab.exclstr)

.stab.index
 *(.stab.index)

.stab.indexstr
 *(.stab.indexstr)

.comment        0x0000000000000000       0x2f
 *(.comment)
 .comment       0x0000000000000000       0x2f APP/src/APP.o
                                         0x30 (size before relaxing)
 .comment       0x000000000000002f       0x30 HAL/src/LCD.o
 .comment       0x000000000000002f       0x30 main.o
 .comment       0x000000000000002f       0x30 MCAL/src/DIO.o
 .comment       0x000000000000002f       0x30 MCAL/src/External_INT.o
 .comment       0x000000000000002f       0x30 MCAL/src/SPI.o
 .comment       0x000000000000002f       0x30 MCAL/src/UART.o
 .comment       0x000000000000002f       0x30 c:/program files/microchip/xc8/v2.36/avr/bin/../lib/gcc/avr/5.4.0/../../../../avr/lib/avr5/memx-const\libc.a(exit.o)
 .comment       0x000000000000002f       0x30 c:/program files/microchip/xc8/v2.36/avr/bin/../lib/gcc/avr/5.4.0/../../../../avr/lib/avr5/memx-const\libc.a(_Exit.o)

.note.GNU-stack
                0x0000000000000000        0x0
 .note.GNU-stack
                0x0000000000000000        0x0 c:/program files/microchip/xc8/v2.36/avr/bin/../lib/gcc/avr/5.4.0/../../../../avr/lib/avr5/memx-const\libc.a(exit.o)
 .note.GNU-stack
                0x0000000000000000        0x0 c:/program files/microchip/xc8/v2.36/avr/bin/../lib/gcc/avr/5.4.0/../../../../avr/lib/avr5/memx-const\libc.a(_Exit.o)

.stack.descriptors.hdr
                0x0000000000000000        0xe
 .stack.descriptors.hdr
                0x0000000000000000        0xe c:/program files/microchip/xc8/v2.36/avr/bin/../lib/gcc/avr/5.4.0/avr5/memx-const\libgcc.a(_exit.o)

.note.gnu.build-id
 *(.note.gnu.build-id)

.debug
 *(.debug)

.line
 *(.line)

.debug_srcinfo
 *(.debug_srcinfo)

.debug_sfnames
 *(.debug_sfnames)

.debug_aranges  0x0000000000000000      0x1a0
 *(.debug_aranges)
 .debug_aranges
                0x0000000000000000       0x38 APP/src/APP.o
 .debug_aranges
                0x0000000000000038       0x50 HAL/src/LCD.o
 .debug_aranges
                0x0000000000000088       0x20 main.o
 .debug_aranges
                0x00000000000000a8       0x58 MCAL/src/DIO.o
 .debug_aranges
                0x0000000000000100       0x48 MCAL/src/External_INT.o
 .debug_aranges
                0x0000000000000148       0x28 MCAL/src/SPI.o
 .debug_aranges
                0x0000000000000170       0x30 MCAL/src/UART.o

.debug_pubnames
 *(.debug_pubnames)

.debug_info     0x0000000000000000     0x298b
 *(.debug_info .gnu.linkonce.wi.*)
 .debug_info    0x0000000000000000      0x4e6 C:/Program Files (x86)/Atmel/Studio/7.0/Packs/atmel/ATmega_DFP/1.7.374/xc8/avr/lib/avr5/memx-const/crtatmega32.o
 .debug_info    0x00000000000004e6      0x627 APP/src/APP.o
 .debug_info    0x0000000000000b0d      0x8c8 HAL/src/LCD.o
 .debug_info    0x00000000000013d5      0x474 main.o
 .debug_info    0x0000000000001849      0x541 MCAL/src/DIO.o
 .debug_info    0x0000000000001d8a      0x59d MCAL/src/External_INT.o
 .debug_info    0x0000000000002327      0x305 MCAL/src/SPI.o
 .debug_info    0x000000000000262c      0x35f MCAL/src/UART.o

.debug_abbrev   0x0000000000000000      0xb0d
 *(.debug_abbrev)
 .debug_abbrev  0x0000000000000000      0x4a3 C:/Program Files (x86)/Atmel/Studio/7.0/Packs/atmel/ATmega_DFP/1.7.374/xc8/avr/lib/avr5/memx-const/crtatmega32.o
 .debug_abbrev  0x00000000000004a3      0x142 APP/src/APP.o
 .debug_abbrev  0x00000000000005e5      0x19e HAL/src/LCD.o
 .debug_abbrev  0x0000000000000783       0xb0 main.o
 .debug_abbrev  0x0000000000000833       0xfd MCAL/src/DIO.o
 .debug_abbrev  0x0000000000000930       0xe1 MCAL/src/External_INT.o
 .debug_abbrev  0x0000000000000a11       0x6d MCAL/src/SPI.o
 .debug_abbrev  0x0000000000000a7e       0x8f MCAL/src/UART.o

.debug_line     0x0000000000000000      0xf9e
 *(.debug_line .debug_line.* .debug_line_end)
 .debug_line    0x0000000000000000      0x119 C:/Program Files (x86)/Atmel/Studio/7.0/Packs/atmel/ATmega_DFP/1.7.374/xc8/avr/lib/avr5/memx-const/crtatmega32.o
 .debug_line    0x0000000000000119      0x221 APP/src/APP.o
 .debug_line    0x000000000000033a      0x2b8 HAL/src/LCD.o
 .debug_line    0x00000000000005f2       0xeb main.o
 .debug_line    0x00000000000006dd      0x4b5 MCAL/src/DIO.o
 .debug_line    0x0000000000000b92      0x213 MCAL/src/External_INT.o
 .debug_line    0x0000000000000da5       0xeb MCAL/src/SPI.o
 .debug_line    0x0000000000000e90      0x10e MCAL/src/UART.o

.debug_frame    0x0000000000000000      0x38c
 *(.debug_frame)
 .debug_frame   0x0000000000000000       0x5c APP/src/APP.o
 .debug_frame   0x000000000000005c       0xb4 HAL/src/LCD.o
 .debug_frame   0x0000000000000110       0x24 main.o
 .debug_frame   0x0000000000000134       0x94 MCAL/src/DIO.o
 .debug_frame   0x00000000000001c8      0x14c MCAL/src/External_INT.o
 .debug_frame   0x0000000000000314       0x34 MCAL/src/SPI.o
 .debug_frame   0x0000000000000348       0x44 MCAL/src/UART.o

.debug_str      0x0000000000000000      0x2bf
 *(.debug_str)
 .debug_str     0x0000000000000000      0x196 C:/Program Files (x86)/Atmel/Studio/7.0/Packs/atmel/ATmega_DFP/1.7.374/xc8/avr/lib/avr5/memx-const/crtatmega32.o
 .debug_str     0x0000000000000196       0x7f APP/src/APP.o
 .debug_str     0x0000000000000215       0x73 HAL/src/LCD.o
 .debug_str     0x0000000000000288        0x0 main.o
 .debug_str     0x0000000000000288       0x37 MCAL/src/DIO.o
 .debug_str     0x00000000000002bf        0x0 MCAL/src/External_INT.o
 .debug_str     0x00000000000002bf        0x0 MCAL/src/SPI.o
 .debug_str     0x00000000000002bf        0x0 MCAL/src/UART.o

.debug_loc      0x0000000000000000      0xae3
 *(.debug_loc)
 .debug_loc     0x0000000000000000       0x41 APP/src/APP.o
 .debug_loc     0x0000000000000041      0x349 HAL/src/LCD.o
 .debug_loc     0x000000000000038a      0x481 MCAL/src/DIO.o
 .debug_loc     0x000000000000080b      0x261 MCAL/src/External_INT.o
 .debug_loc     0x0000000000000a6c       0x2d MCAL/src/SPI.o
 .debug_loc     0x0000000000000a99       0x4a MCAL/src/UART.o

.debug_macinfo
 *(.debug_macinfo)

.debug_weaknames
 *(.debug_weaknames)

.debug_funcnames
 *(.debug_funcnames)

.debug_typenames
 *(.debug_typenames)

.debug_varnames
 *(.debug_varnames)

.debug_pubtypes
 *(.debug_pubtypes)

.debug_ranges   0x0000000000000000      0x130
 *(.debug_ranges)
 .debug_ranges  0x0000000000000000       0x28 APP/src/APP.o
 .debug_ranges  0x0000000000000028       0x40 HAL/src/LCD.o
 .debug_ranges  0x0000000000000068       0x10 main.o
 .debug_ranges  0x0000000000000078       0x48 MCAL/src/DIO.o
 .debug_ranges  0x00000000000000c0       0x38 MCAL/src/External_INT.o
 .debug_ranges  0x00000000000000f8       0x18 MCAL/src/SPI.o
 .debug_ranges  0x0000000000000110       0x20 MCAL/src/UART.o

.debug_macro
 *(.debug_macro)
OUTPUT(communication_protocols_project.elf elf32-avr)
LOAD linker stubs
LOAD data_init

.note.gnu.avr.deviceinfo
                0x0000000000000000       0x3c
 .note.gnu.avr.deviceinfo
                0x0000000000000000       0x3c C:/Program Files (x86)/Atmel/Studio/7.0/Packs/atmel/ATmega_DFP/1.7.374/xc8/avr/lib/avr5/memx-const/crtatmega32.o

.bss.counter    0x000000000080007d        0x1
 .bss.counter   0x000000000080007d        0x1 APP/src/APP.o
                0x000000000080007d                counter

.bss.INT2_PTR   0x0000000000800077        0x2
 .bss.INT2_PTR  0x0000000000800077        0x2 MCAL/src/External_INT.o

.bss.INT1_PTR   0x0000000000800079        0x2
 .bss.INT1_PTR  0x0000000000800079        0x2 MCAL/src/External_INT.o

.bss.INT0_PTR   0x000000000080007b        0x2
 .bss.INT0_PTR  0x000000000080007b        0x2 MCAL/src/External_INT.o

.text.DIO_vSetPinDirection
                0x00000000000000ba      0x188
 .text.DIO_vSetPinDirection
                0x00000000000000ba      0x188 MCAL/src/DIO.o
                0x00000000000000ba                DIO_vSetPinDirection

.text.DIO_vWritePin
                0x0000000000000242       0xe6
 .text.DIO_vWritePin
                0x0000000000000242       0xe6 MCAL/src/DIO.o
                0x0000000000000242                DIO_vWritePin

.text.DIO_vSetPortDirection
                0x0000000000000328       0x88
 .text.DIO_vSetPortDirection
                0x0000000000000328       0x88 MCAL/src/DIO.o
                0x0000000000000328                DIO_vSetPortDirection

.text.EXT_INT_SET_CONFIG
                0x00000000000003b0       0x72
 .text.EXT_INT_SET_CONFIG
                0x00000000000003b0       0x72 MCAL/src/External_INT.o
                0x00000000000003b0                EXT_INT_SET_CONFIG

.text.LCD_INIT  0x0000000000000422       0x58
 .text.LCD_INIT
                0x0000000000000422       0x58 HAL/src/LCD.o
                0x0000000000000422                LCD_INIT

.text.__vector_1
                0x000000000000047a       0x52
 .text.__vector_1
                0x000000000000047a       0x52 MCAL/src/External_INT.o
                0x000000000000047a                __vector_1

.text.__vector_2
                0x00000000000004cc       0x52
 .text.__vector_2
                0x00000000000004cc       0x52 MCAL/src/External_INT.o
                0x00000000000004cc                __vector_2

.text.__vector_3
                0x000000000000051e       0x52
 .text.__vector_3
                0x000000000000051e       0x52 MCAL/src/External_INT.o
                0x000000000000051e                __vector_3

.text.UART_INIT
                0x0000000000000570       0x4a
 .text.UART_INIT
                0x0000000000000570       0x4a MCAL/src/UART.o
                0x0000000000000570                UART_INIT

.text.LCD_WRITE_COMMAND
                0x00000000000005ba       0x48
 .text.LCD_WRITE_COMMAND
                0x00000000000005ba       0x48 HAL/src/LCD.o
                0x00000000000005ba                LCD_WRITE_COMMAND

.text.SPI_INIT  0x0000000000000602       0x3e
 .text.SPI_INIT
                0x0000000000000602       0x3e MCAL/src/SPI.o
                0x0000000000000602                SPI_INIT

.text.INIT      0x0000000000000640       0x30
 .text.INIT     0x0000000000000640       0x30 APP/src/APP.o
                0x0000000000000640                INIT

.text.BUTTON2_INT
                0x0000000000000670       0x2c
 .text.BUTTON2_INT
                0x0000000000000670       0x2c APP/src/APP.o
                0x0000000000000670                BUTTON2_INT

.text.external_interrupt_register_callback
                0x000000000000069c       0x2a
 .text.external_interrupt_register_callback
                0x000000000000069c       0x2a MCAL/src/External_INT.o
                0x000000000000069c                external_interrupt_register_callback

.text.EXT_INT_Init
                0x00000000000006c6       0x26
 .text.EXT_INT_Init
                0x00000000000006c6       0x26 MCAL/src/External_INT.o
                0x00000000000006c6                EXT_INT_Init

.text.APP       0x00000000000006ec       0x20
 .text.APP      0x00000000000006ec       0x20 APP/src/APP.o
                0x00000000000006ec                APP

.text.DIO_vWritePortValue
                0x000000000000070c       0x20
 .text.DIO_vWritePortValue
                0x000000000000070c       0x20 MCAL/src/DIO.o
                0x000000000000070c                DIO_vWritePortValue

.text.LCD_ENABLE_PULSE
                0x000000000000072c       0x1e
 .text.LCD_ENABLE_PULSE
                0x000000000000072c       0x1e HAL/src/LCD.o
                0x000000000000072c                LCD_ENABLE_PULSE

.text.SPI_SEND_RECIEVE
                0x000000000000074a       0x16
 .text.SPI_SEND_RECIEVE
                0x000000000000074a       0x16 MCAL/src/SPI.o
                0x000000000000074a                SPI_SEND_RECIEVE

.text.exit      0x0000000000000760       0x16
 .text.exit     0x0000000000000760       0x16 c:/program files/microchip/xc8/v2.36/avr/bin/../lib/gcc/avr/5.4.0/../../../../avr/lib/avr5/memx-const\libc.a(exit.o)
                0x0000000000000760                exit

.text.BUTTON1_INT
                0x0000000000000776        0xc
 .text.BUTTON1_INT
                0x0000000000000776        0xc APP/src/APP.o
                0x0000000000000776                BUTTON1_INT

.text.main      0x0000000000000782        0xa
 .text.main     0x0000000000000782        0xa main.o
                0x0000000000000782                main

.text.UART_RECIEVE
                0x000000000000078c        0xa
 .text.UART_RECIEVE
                0x000000000000078c        0xa MCAL/src/UART.o
                0x000000000000078c                UART_RECIEVE

.text           0x0000000000000796        0x4
 .text          0x0000000000000796        0x4 C:/Program Files (x86)/Atmel/Studio/7.0/Packs/atmel/ATmega_DFP/1.7.374/xc8/avr/lib/avr5/memx-const/crtatmega32.o
                0x0000000000000796                __vector_12
                0x0000000000000796                __bad_interrupt
                0x0000000000000796                __vector_6
                0x0000000000000796                __vector_11
                0x0000000000000796                __vector_13
                0x0000000000000796                __vector_17
                0x0000000000000796                __vector_19
                0x0000000000000796                __vector_7
                0x0000000000000796                __vector_5
                0x0000000000000796                __vector_4
                0x0000000000000796                __vector_9
                0x0000000000000796                __vector_15
                0x0000000000000796                __vector_8
                0x0000000000000796                __vector_14
                0x0000000000000796                __vector_10
                0x0000000000000796                __vector_16
                0x0000000000000796                __vector_18
                0x0000000000000796                __vector_20

.text._Exit     0x000000000000079a        0x4
 .text._Exit    0x000000000000079a        0x4 c:/program files/microchip/xc8/v2.36/avr/bin/../lib/gcc/avr/5.4.0/../../../../avr/lib/avr5/memx-const\libc.a(_Exit.o)
                0x000000000000079a                _Exit

.text.__dummy_fini
                0x000000000000079e        0x2
 .text.__dummy_fini
                0x000000000000079e        0x2 c:/program files/microchip/xc8/v2.36/avr/bin/../lib/gcc/avr/5.4.0/../../../../avr/lib/avr5/memx-const\libc.a(exit.o)
                0x000000000000079e                _fini

.text.__dummy_funcs_on_exit
                0x00000000000007a0        0x2
 .text.__dummy_funcs_on_exit
                0x00000000000007a0        0x2 c:/program files/microchip/xc8/v2.36/avr/bin/../lib/gcc/avr/5.4.0/../../../../avr/lib/avr5/memx-const\libc.a(exit.o)
                0x00000000000007a0                __funcs_on_exit

.text.__dummy_simulator_exit
                0x00000000000007a2        0x2
 .text.__dummy_simulator_exit
                0x00000000000007a2        0x2 c:/program files/microchip/xc8/v2.36/avr/bin/../lib/gcc/avr/5.4.0/../../../../avr/lib/avr5/memx-const\libc.a(exit.o)
                0x00000000000007a2                __simulator_exit

.data.config    0x0000000000800071        0x6 load address 0x00000000000007a4
 .data.config   0x0000000000800071        0x6 MCAL/src/External_INT.o
